<!doctype html>
<html lang="en">
  <head>
    <meta charset="utf-8" />
    <base href="/" />
    <link
      rel="icon"
      href="http://localhost/static/img/favicon.ico?v=1.0.0"
    />
    <meta
      name="viewport"
      content="width=device-width, initial-scale=1"
    />
    <title>Vite Plugin HTML Template</title>
    <meta data-app-name="vite-plugin-html-template" />
    <meta data-app-version="1.0.0" />
  </head>

  <body>
    <div id="app">
      <div>Custom Content</div>
    </div>
  </body>
</html>
