<!doctype html>
<html lang="en">
  <head>
    <meta charset="utf-8" />
    <base href="/" />
    <link
      rel="icon"
      href="${PUBLIC_URL}static/img/favicon.ico?v=${APP_VERSION}"
    />
    <meta
      name="viewport"
      content="width=device-width, initial-scale=1"
    />
    <title>${TITLE}</title>
    <meta data-app-name="${APP_NAME}" />
    <meta data-app-version="${APP_VERSION}" />
  </head>

  <body>
    <div id="app">
      ${CONTENT}
    </div>
  </body>
</html>
